2026-09-01T14:09:42+05:30 ignored event=order.paid pay=pay_TWi2sKBa1OxHqQ order=order_TWi1lN0wcL0Hf1 app= No matching registration for this order
2026-09-01T14:09:42+05:30 ignored event=payment.captured pay=pay_TWi2sKBa1OxHqQ order=order_TWi1lN0wcL0Hf1 app= No matching registration for this order
2026-09-01T14:19:02+05:30 ignored event=payment.failed pay=pay_TWi29EGkxxnYBg order=order_TWi1lN0wcL0Hf1 app= No matching registration for this order
2026-09-01T18:06:22+05:30 ignored event=payment.failed pay=pay_TWm5xobatDcAg9 order=order_TWm5nN4nl4VXWE app= No matching registration for this order
2026-09-01T18:13:29+05:30 ignored event=payment.failed pay=pay_TWmDGm1n7Fq2gi order=order_TWmD81Nna9t11T app= No matching registration for this order
2026-09-01T21:19:01+05:30 ignored event=payment.failed pay=pay_TWpGJZwUCkmspm order=order_TWpFeqxdW7l676 app= No matching registration for this order
2026-09-01T21:20:39+05:30 ignored event=payment.failed pay=pay_TWpNfFnpduoCbM order=order_TWpFeqxdW7l676 app= No matching registration for this order
2026-09-01T21:35:55+05:30 ignored event=payment.captured pay=pay_TWpeToD35kdOx4 order=order_TWpdSOzr6gqpJI app= No matching registration for this order
2026-09-01T21:35:55+05:30 ignored event=order.paid pay=pay_TWpeToD35kdOx4 order=order_TWpdSOzr6gqpJI app= No matching registration for this order
2026-09-01T21:42:07+05:30 ignored event=payment.failed pay=pay_TWpZhTn2L8WtQ6 order=order_TWpY9r2Mo0Ve0X app= No matching registration for this order
2026-09-02T09:26:32+05:30 ignored event=payment.captured pay=pay_TX1lghbnnu8FSZ order=order_TX1kSnlFqLVfGU app= No matching registration for this order
2026-09-02T09:26:32+05:30 ignored event=order.paid pay=pay_TX1lghbnnu8FSZ order=order_TX1kSnlFqLVfGU app= No matching registration for this order
2026-09-02T11:58:21+05:30 ignored event=payment.captured pay=pay_TX4MCgrQOA34y4 order=order_TX4Le3RGLWzUwB app= No matching registration for this order
2026-09-02T11:58:21+05:30 ignored event=order.paid pay=pay_TX4MCgrQOA34y4 order=order_TX4Le3RGLWzUwB app= No matching registration for this order
2026-09-02T12:08:16+05:30 ignored event=payment.failed pay=pay_TX4KokqJP9JDjL order=order_TX4JvSocKNRiGX app= No matching registration for this order
2026-09-02T12:23:20+05:30 ignored event=payment.failed pay=pay_TX4awVwCnsuUOp order=order_TX4aZIXC3DOHMe app= No matching registration for this order
2026-09-02T12:23:41+05:30 ignored event=payment.failed pay=pay_TX4apK7LDlYmYQ order=order_TX4aVDEEF4kH4w app= No matching registration for this order
2026-09-02T13:38:16+05:30 ignored event=payment.failed pay=pay_TX5sBNWpKDFuaQ order=order_TX5qbVeQep1Ipu app= No matching registration for this order
2026-09-02T13:44:37+05:30 ignored event=payment.failed pay=pay_TX5z0jiwlY4wCl order=order_TX5yJMla2i4cjc app= No matching registration for this order
2026-09-02T13:45:49+05:30 ignored event=payment.failed pay=pay_TX6Bm1I2pNmuNi order=order_TX6BUCIfAzePtu app= No matching registration for this order
2026-09-02T13:45:55+05:30 ignored event=payment.failed pay=pay_TX604yeAX3rTKF order=order_TX5zTnBsIS7S3l app= No matching registration for this order
2026-09-02T13:46:31+05:30 ignored event=payment.failed pay=pay_TX6Ca23fgcNch8 order=order_TX6CCaeIrQAtAo app= No matching registration for this order
2026-09-02T13:46:56+05:30 ignored event=payment.failed pay=pay_TX6DD1TUe5Wncr order=order_TX6CCaeIrQAtAo app= No matching registration for this order
2026-09-02T13:47:34+05:30 ignored event=payment.failed pay=pay_TX6DcBUj5dGRWw order=order_TX6CCaeIrQAtAo app= No matching registration for this order
2026-09-02T13:47:53+05:30 ignored event=payment.failed pay=pay_TX6EALoyq5Hedu order=order_TX6CCaeIrQAtAo app= No matching registration for this order
2026-09-02T13:50:35+05:30 ignored event=payment.failed pay=pay_TX656CzAK17rT0 order=order_TX62nNrZn8Vtpt app= No matching registration for this order
2026-09-02T13:53:30+05:30 ignored event=payment.captured pay=pay_TX6ILGocboXZD5 order=order_TX6Gwh3wMRDUQC app= No matching registration for this order
2026-09-02T13:53:30+05:30 ignored event=payment.failed pay=pay_TX68QQmhckhTAh order=order_TX67nASmZxd0p8 app= No matching registration for this order
2026-09-02T13:53:32+05:30 ignored event=order.paid pay=pay_TX6ILGocboXZD5 order=order_TX6Gwh3wMRDUQC app= No matching registration for this order
2026-09-02T13:56:05+05:30 ignored event=payment.captured pay=pay_TX6KidRh66Fj8R order=order_TX6JS1ccqmKCSX app= No matching registration for this order
2026-09-02T13:56:05+05:30 ignored event=order.paid pay=pay_TX6KidRh66Fj8R order=order_TX6JS1ccqmKCSX app= No matching registration for this order
2026-09-02T13:56:06+05:30 ignored event=payment.failed pay=pay_TX6AkmyLUui3Dx order=order_TX69NxHj7rLTLj app= No matching registration for this order
2026-09-02T13:57:57+05:30 ignored event=payment.failed pay=pay_TX6CnQrXnq5Fgv order=order_TX6CCaeIrQAtAo app= No matching registration for this order
2026-09-02T14:03:44+05:30 ignored event=payment.captured pay=pay_TX6UOt9NwH9c5d order=order_TX6T7X2q5tQrit app= No matching registration for this order
2026-09-02T14:03:58+05:30 ignored event=order.paid pay=pay_TX6UOt9NwH9c5d order=order_TX6T7X2q5tQrit app= No matching registration for this order
2026-09-02T14:09:41+05:30 ignored event=payment.failed pay=pay_TX6PYlufvjZquW order=order_TX62SP1nGJrbOj app= No matching registration for this order
2026-09-02T14:09:47+05:30 ignored event=order.paid pay=pay_TX6b3NIwlvs4Au order=order_TX6aFC7LOyVgfc app= No matching registration for this order
2026-09-02T14:09:48+05:30 ignored event=payment.captured pay=pay_TX6b3NIwlvs4Au order=order_TX6aFC7LOyVgfc app= No matching registration for this order
2026-09-02T14:15:16+05:30 ignored event=payment.failed pay=pay_TX6VQXkDGWfQtg order=order_TX6UvB3ykUjntE app= No matching registration for this order
2026-09-02T14:30:39+05:30 ignored event=payment.captured pay=pay_TX6wEkD1AgZawt order=order_TX6vcD0jjc1XFb app= No matching registration for this order
2026-09-02T14:30:39+05:30 ignored event=order.paid pay=pay_TX6wEkD1AgZawt order=order_TX6vcD0jjc1XFb app= No matching registration for this order
2026-09-02T17:26:37+05:30 ignored event=order.paid pay=pay_TX9wLH84nB653a order=order_TX9uPwuOp2m82b app= No matching registration for this order
2026-09-02T17:26:37+05:30 ignored event=payment.captured pay=pay_TX9wLH84nB653a order=order_TX9uPwuOp2m82b app= No matching registration for this order
2026-09-02T18:23:10+05:30 ignored event=payment.failed pay=pay_TXAj2mongARo5J order=order_TXAhhSDwndMZgN app= No matching registration for this order
2026-09-02T18:27:30+05:30 ignored event=payment.failed pay=pay_TXAnCPrad9fqiE order=order_TXAm6OBhbLULgs app= No matching registration for this order
2026-09-02T19:36:25+05:30 ignored event=payment.failed pay=pay_TXC9UnSXe0aKiW order=order_TXC9CjGsaWqjpo app= No matching registration for this order
2026-09-02T19:37:25+05:30 ignored event=order.paid pay=pay_TXC9UnSXe0aKiW order=order_TXC9CjGsaWqjpo app= No matching registration for this order
2026-09-02T19:37:26+05:30 ignored event=payment.captured pay=pay_TXC9UnSXe0aKiW order=order_TXC9CjGsaWqjpo app= No matching registration for this order
2026-09-02T20:00:16+05:30 ignored event=order.paid pay=pay_TXCZNGASl7CFoL order=order_TXCAbH2HWJgB9G app= No matching registration for this order
2026-09-02T20:00:16+05:30 ignored event=payment.captured pay=pay_TXCZNGASl7CFoL order=order_TXCAbH2HWJgB9G app= No matching registration for this order
2026-09-02T20:04:49+05:30 ignored event=payment.failed pay=pay_TXCQckcptSYGCU order=order_TXCOmaysdwRzFH app= No matching registration for this order
2026-09-02T20:07:27+05:30 ignored event=payment.failed pay=pay_TXCSgiiAroB3Te order=order_TXCOmaysdwRzFH app= No matching registration for this order
2026-09-02T20:11:13+05:30 ignored event=payment.failed pay=pay_TXCWj486kVZT9l order=order_TXCVuFzOjdCjYI app= No matching registration for this order
2026-09-02T20:11:44+05:30 ignored event=payment.failed pay=pay_TXCXOOM9mzjQs3 order=order_TXCVuFzOjdCjYI app= No matching registration for this order
2026-09-02T20:14:30+05:30 ignored event=payment.captured pay=pay_TXCoMKcK8pmC9v order=order_TXCo5uABNnrCXJ app= No matching registration for this order
2026-09-02T20:14:31+05:30 ignored event=order.paid pay=pay_TXCoMKcK8pmC9v order=order_TXCo5uABNnrCXJ app= No matching registration for this order
2026-09-02T20:15:16+05:30 ignored event=payment.failed pay=pay_TXCb4DfuuiLY9M order=order_TXCVuFzOjdCjYI app= No matching registration for this order
2026-09-02T20:15:58+05:30 ignored event=payment.failed pay=pay_TXCdsc9e5yQY7l order=order_TXCb9Itno325Fp app= No matching registration for this order
2026-09-02T21:29:03+05:30 ignored event=payment.failed pay=pay_TXDtmBAMci7if3 order=order_TXDsZfsrCEW1Ec app= No matching registration for this order
2026-09-02T21:29:38+05:30 ignored event=payment.failed pay=pay_TXDtalmu8alhph order=order_TXDsx2jhsjhx1L app= No matching registration for this order
2026-09-02T21:29:51+05:30 ignored event=payment.failed pay=pay_TXDuL62EQAKpBn order=order_TXDsx2jhsjhx1L app= No matching registration for this order
2026-09-02T21:31:25+05:30 ignored event=payment.failed pay=pay_TXDvUYYlgIHnIi order=order_TXDvIb0CL4E64O app= No matching registration for this order
2026-09-02T21:37:17+05:30 ignored event=payment.failed pay=pay_TXE20ZISr2NeIe order=order_TXE1r2Dyy81siR app= No matching registration for this order
2026-09-02T21:39:09+05:30 ignored event=payment.failed pay=pay_TXE3lqRSuYc0MB order=order_TXE1r2Dyy81siR app= No matching registration for this order
2026-09-02T21:41:26+05:30 ignored event=payment.failed pay=pay_TXE6NytLgB2TpF order=order_TXE6E9p6lO7BWk app= No matching registration for this order
2026-09-02T21:44:13+05:30 ignored event=payment.failed pay=pay_TXE6zCYst9L2Li order=order_TXE476Wma8bJYS app= No matching registration for this order
2026-09-02T21:44:29+05:30 ignored event=payment.failed pay=pay_TXE7X7gucE0kcA order=order_TXE476Wma8bJYS app= No matching registration for this order
2026-09-02T21:44:32+05:30 ignored event=payment.failed pay=pay_TXE7v3x6lzxl4A order=order_TXE476Wma8bJYS app= No matching registration for this order
2026-09-02T21:47:24+05:30 ignored event=payment.failed pay=pay_TXEAFKCZDSqqDB order=order_TXE85IN2qQBF8W app= No matching registration for this order
2026-09-02T21:48:22+05:30 ignored event=payment.captured pay=pay_TXEPC2lQ3UvzAu order=order_TXEOtmDEDgf5wy app= No matching registration for this order
2026-09-02T21:48:23+05:30 ignored event=order.paid pay=pay_TXEPC2lQ3UvzAu order=order_TXEOtmDEDgf5wy app= No matching registration for this order
2026-09-02T21:48:45+05:30 ignored event=payment.captured pay=pay_TXEPqCNUmLzVRQ order=order_TXEP4gn51tcKyh app= No matching registration for this order
2026-09-02T21:48:45+05:30 ignored event=order.paid pay=pay_TXEPqCNUmLzVRQ order=order_TXEP4gn51tcKyh app= No matching registration for this order
2026-09-02T21:50:05+05:30 ignored event=payment.failed pay=pay_TXED0qwSP2BO1l order=order_TXEBoNSWzRjFlO app= No matching registration for this order
2026-09-02T22:01:11+05:30 ignored event=payment.captured pay=pay_TXEd1EQgoSz0cN order=order_TXEcqU3kjthErZ app= No matching registration for this order
2026-09-02T22:01:11+05:30 ignored event=order.paid pay=pay_TXEd1EQgoSz0cN order=order_TXEcqU3kjthErZ app= No matching registration for this order
2026-09-02T22:02:16+05:30 ignored event=payment.captured pay=pay_TXEc3hvOhlXpH5 order=order_TXEbojLBF9j8hz app= No matching registration for this order
2026-09-02T22:02:17+05:30 ignored event=order.paid pay=pay_TXEc3hvOhlXpH5 order=order_TXEbojLBF9j8hz app= No matching registration for this order
2026-09-02T22:03:48+05:30 ignored event=payment.failed pay=pay_TXEU6MghIHuJVV order=order_TXESkHdVlkFe5Q app= No matching registration for this order
2026-09-02T22:03:50+05:30 ignored event=payment.failed pay=pay_TXETi3Bc6OuyUl order=order_TXETZ62EuPLR6H app= No matching registration for this order
2026-09-02T22:03:54+05:30 ignored event=payment.failed pay=pay_TXEU6MghIHuJVV order=order_TXESkHdVlkFe5Q app= No matching registration for this order
2026-09-02T22:06:49+05:30 ignored event=payment.failed pay=pay_TXEXLUtQYHvfxb order=order_TXEXDge3AP8GuA app= No matching registration for this order
2026-09-02T22:08:14+05:30 ignored event=payment.failed pay=pay_TXEX4KYemNo10E order=order_TXEV0yAKjak2BK app= No matching registration for this order
2026-09-02T22:08:57+05:30 ignored event=payment.failed pay=pay_TXEXlc93fhbZfy order=order_TXEV0yAKjak2BK app= No matching registration for this order
2026-09-02T22:11:37+05:30 ignored event=payment.failed pay=pay_TXEbtLqYe1C0OU order=order_TXEZP1YOFEJ3xZ app= No matching registration for this order
2026-09-02T22:15:37+05:30 ignored event=order.paid pay=pay_TXErokZtuRoZqx order=order_TXEqMOTk9PQGow app= No matching registration for this order
2026-09-02T22:15:37+05:30 ignored event=payment.captured pay=pay_TXErokZtuRoZqx order=order_TXEqMOTk9PQGow app= No matching registration for this order
2026-09-02T22:18:54+05:30 ignored event=payment.failed pay=pay_TXEk4mhrcEFNR1 order=order_TXEjngDSyaxD2O app= No matching registration for this order
2026-09-02T22:25:52+05:30 ignored event=payment.failed pay=pay_TXErjaexeoL9lc order=order_TXEov8NNlQnWxS app= No matching registration for this order
2026-09-03T06:35:36+05:30 ignored event=payment.captured pay=pay_TXNOKpGQFJqYRa order=order_TXNOAOjP8JWM09 app= No matching registration for this order
2026-09-03T06:35:37+05:30 ignored event=order.paid pay=pay_TXNOKpGQFJqYRa order=order_TXNOAOjP8JWM09 app= No matching registration for this order
2026-09-03T08:07:25+05:30 ignored event=payment.captured pay=pay_TXOxJoG1OXOxDy order=order_TXOveyH4MEPfJp app= No matching registration for this order
2026-09-03T08:07:26+05:30 ignored event=order.paid pay=pay_TXOxJoG1OXOxDy order=order_TXOveyH4MEPfJp app= No matching registration for this order
2026-09-03T08:59:23+05:30 ignored event=payment.failed pay=pay_TXPeHWMC4dYyhH order=order_TXPds1gOHu12lr app= No matching registration for this order
2026-09-03T09:00:05+05:30 ignored event=payment.failed pay=pay_TXPr3C0oFKv7ZX order=order_TXPqtIY3fRnKfE app= No matching registration for this order
2026-09-03T09:01:23+05:30 ignored event=order.paid pay=pay_TXPr3C0oFKv7ZX order=order_TXPqtIY3fRnKfE app= No matching registration for this order
2026-09-03T09:01:24+05:30 ignored event=payment.captured pay=pay_TXPr3C0oFKv7ZX order=order_TXPqtIY3fRnKfE app= No matching registration for this order
2026-09-03T09:18:47+05:30 ignored event=payment.failed pay=pay_TXPxGtQ6tJKUr5 order=order_TXPwaRCJdKRYb6 app= No matching registration for this order
2026-09-03T09:36:46+05:30 ignored event=payment.captured pay=pay_TXQTukn5NTqnFf order=order_TXQTCJp1rjQ8Xs app= No matching registration for this order
2026-09-03T09:36:47+05:30 ignored event=order.paid pay=pay_TXQTukn5NTqnFf order=order_TXQTCJp1rjQ8Xs app= No matching registration for this order
2026-09-03T10:19:00+05:30 ignored event=payment.captured pay=pay_TXRB2fygrlyyef order=order_TXRAuI0UjRiJKL app= No matching registration for this order
2026-09-03T10:19:00+05:30 ignored event=order.paid pay=pay_TXRB2fygrlyyef order=order_TXRAuI0UjRiJKL app= No matching registration for this order
2026-09-03T10:48:17+05:30 ignored event=payment.failed pay=pay_TXRgiSpdz4pwpo order=order_TXRgSDueFv8I85 app= No matching registration for this order
2026-09-03T10:55:27+05:30 ignored event=payment.captured pay=pay_TXRowIDJvC42Cf order=order_TXRol9Kx16UfDz app= No matching registration for this order
2026-09-03T10:55:28+05:30 ignored event=order.paid pay=pay_TXRowIDJvC42Cf order=order_TXRol9Kx16UfDz app= No matching registration for this order
2026-09-03T11:01:10+05:30 ignored event=payment.failed pay=pay_TXRiq1sVkLQdu9 order=order_TXRiai8ilKaJ21 app= No matching registration for this order
2026-09-03T11:41:01+05:30 ignored event=payment.captured pay=pay_TXSZske5uwWV90 order=order_TXSZXjJZK12hAG app= No matching registration for this order
2026-09-03T11:41:01+05:30 ignored event=order.paid pay=pay_TXSZske5uwWV90 order=order_TXSZXjJZK12hAG app= No matching registration for this order
2026-09-03T13:00:28+05:30 ignored event=payment.captured pay=pay_TXTx08xxMMaWVI order=order_TXTwrGemu7iqbd app= No matching registration for this order
2026-09-03T13:00:28+05:30 ignored event=order.paid pay=pay_TXTx08xxMMaWVI order=order_TXTwrGemu7iqbd app= No matching registration for this order
2026-09-03T15:37:43+05:30 ignored event=payment.captured pay=pay_TXWczxQTbcPoe8 order=order_TXWckGCRNC7giA app= No matching registration for this order
2026-09-03T15:37:44+05:30 ignored event=order.paid pay=pay_TXWczxQTbcPoe8 order=order_TXWckGCRNC7giA app= No matching registration for this order
2026-09-03T20:26:57+05:30 ignored event=order.paid pay=pay_TXbYd3WqXe7vte order=order_TXbYUCTPyk0apn app= No matching registration for this order
2026-09-03T20:26:58+05:30 ignored event=payment.captured pay=pay_TXbYd3WqXe7vte order=order_TXbYUCTPyk0apn app= No matching registration for this order
2026-09-03T20:55:45+05:30 ignored event=payment.captured pay=pay_TXc2zGYPIoq9tO order=order_TXc2H6gZOqkPYQ app= No matching registration for this order
2026-09-03T20:55:45+05:30 ignored event=order.paid pay=pay_TXc2zGYPIoq9tO order=order_TXc2H6gZOqkPYQ app= No matching registration for this order
2026-09-03T22:03:14+05:30 ignored event=payment.captured pay=pay_TXdB8Rv641xd9n order=order_TXd9dCmk1cwt7n app= No matching registration for this order
2026-09-03T22:03:15+05:30 ignored event=order.paid pay=pay_TXdB8Rv641xd9n order=order_TXd9dCmk1cwt7n app= No matching registration for this order
2026-09-03T22:12:19+05:30 ignored event=payment.failed pay=pay_TXdAQ98dfG8atg order=order_TXd9dCmk1cwt7n app= No matching registration for this order
2026-09-04T08:04:05+05:30 ignored event=payment.captured pay=pay_TXnNKg1OySV0Qc order=order_TXnMVg3NYt9Gbs app= No matching registration for this order
2026-09-04T08:04:05+05:30 ignored event=order.paid pay=pay_TXnNKg1OySV0Qc order=order_TXnMVg3NYt9Gbs app= No matching registration for this order
2026-09-04T08:49:44+05:30 ignored event=payment.failed pay=pay_TXo1iJFEfyof5U order=order_TXo1NQKTYbSF6B app= No matching registration for this order
2026-09-04T09:05:24+05:30 ignored event=order.paid pay=pay_TXoTUAHbgrfDta order=order_TXoTCyRejckbsS app= No matching registration for this order
2026-09-04T09:05:24+05:30 ignored event=payment.captured pay=pay_TXoTUAHbgrfDta order=order_TXoTCyRejckbsS app= No matching registration for this order
2026-09-04T09:11:31+05:30 ignored event=order.paid pay=pay_TXoaIFMirmV5nl order=order_TXoaAdHnQKxnjM app= No matching registration for this order
2026-09-04T09:11:31+05:30 ignored event=payment.captured pay=pay_TXoaIFMirmV5nl order=order_TXoaAdHnQKxnjM app= No matching registration for this order
2026-09-04T10:02:39+05:30 ignored event=order.paid pay=pay_TXpSJ5crpFCSZd order=order_TXpS6IdzrvNkOg app= No matching registration for this order
2026-09-04T10:02:40+05:30 ignored event=payment.captured pay=pay_TXpSJ5crpFCSZd order=order_TXpS6IdzrvNkOg app= No matching registration for this order
2026-09-04T10:13:03+05:30 ignored event=payment.failed pay=pay_TXpR8Kcm4sn6qB order=order_TXpQZ9CedKalxM app= No matching registration for this order
2026-09-04T12:39:53+05:30 ignored event=order.paid pay=pay_TXs83wx1zw6AsZ order=order_TXs7SVQbkaqmMu app= No matching registration for this order
2026-09-04T12:39:53+05:30 ignored event=payment.captured pay=pay_TXs83wx1zw6AsZ order=order_TXs7SVQbkaqmMu app= No matching registration for this order
2026-09-04T12:46:48+05:30 ignored event=payment.failed pay=pay_TXs40YMJ76gFhz order=order_TXs3ce6U5bN5uZ app= No matching registration for this order
2026-09-04T13:09:06+05:30 ignored event=payment.captured pay=pay_TXsdJas5u5JUGt order=order_TXsczOIiqEyOvA app= No matching registration for this order
2026-09-04T13:09:08+05:30 ignored event=order.paid pay=pay_TXsdJas5u5JUGt order=order_TXsczOIiqEyOvA app= No matching registration for this order
2026-09-04T16:40:15+05:30 ignored event=payment.captured pay=pay_TXwBA07ShgJLKN order=order_TXw9nIkoZxsSJk app= No matching registration for this order
2026-09-04T16:40:16+05:30 ignored event=order.paid pay=pay_TXwBA07ShgJLKN order=order_TXw9nIkoZxsSJk app= No matching registration for this order
2026-09-04T16:43:06+05:30 ignored event=payment.failed pay=pay_TXwHLKpm07bIcn order=order_TXwGDmKQ46LAVS app= No matching registration for this order
2026-09-04T16:48:20+05:30 ignored event=order.paid pay=pay_TXwMtyfwtPR509 order=order_TXwLfyoDQKJRUG app= No matching registration for this order
2026-09-04T16:48:20+05:30 ignored event=payment.captured pay=pay_TXwMtyfwtPR509 order=order_TXwLfyoDQKJRUG app= No matching registration for this order
2026-09-04T16:55:24+05:30 ignored event=payment.failed pay=pay_TXwIra2zzoQEFt order=order_TXwIUdzFKLfWFU app= No matching registration for this order
2026-09-04T16:56:27+05:30 ignored event=payment.captured pay=pay_TXwV6w3b6yyO2s order=order_TXwUvFERgLCEJ9 app= No matching registration for this order
2026-09-04T16:56:29+05:30 ignored event=order.paid pay=pay_TXwV6w3b6yyO2s order=order_TXwUvFERgLCEJ9 app= No matching registration for this order
2026-09-04T16:57:00+05:30 ignored event=payment.captured pay=pay_TXwUsqa1wUBPSl order=order_TXwSSiQxgUbPOD app= No matching registration for this order
2026-09-04T16:57:00+05:30 ignored event=order.paid pay=pay_TXwUsqa1wUBPSl order=order_TXwSSiQxgUbPOD app= No matching registration for this order
2026-09-04T16:57:37+05:30 ignored event=payment.captured pay=pay_TXwWY9bjxUfV5U order=order_TXwVTN0tyeIYpA app= No matching registration for this order
2026-09-04T16:57:38+05:30 ignored event=order.paid pay=pay_TXwWY9bjxUfV5U order=order_TXwVTN0tyeIYpA app= No matching registration for this order
2026-09-04T16:59:18+05:30 ignored event=payment.failed pay=pay_TXwMrE2VEovxTe order=order_TXwIUdzFKLfWFU app= No matching registration for this order
2026-09-04T16:59:43+05:30 ignored event=payment.captured pay=pay_TXwYb3Yru1dSdH order=order_TXwXsdpKP08fY7 app= No matching registration for this order
2026-09-04T16:59:44+05:30 ignored event=order.paid pay=pay_TXwYb3Yru1dSdH order=order_TXwXsdpKP08fY7 app= No matching registration for this order
2026-09-04T17:01:43+05:30 ignored event=payment.failed pay=pay_TXwPOcxv6inpiV order=order_TXwP5ZfZUaKQdd app= No matching registration for this order
2026-09-04T17:05:01+05:30 ignored event=payment.failed pay=pay_TXwcLzLiEEGbtd order=order_TXwP5ZfZUaKQdd app= No matching registration for this order
2026-09-04T17:07:33+05:30 ignored event=payment.captured pay=pay_TXwh4nwxhYFPB9 order=order_TXwgIBMcg1jFDy app= No matching registration for this order
2026-09-04T17:07:34+05:30 ignored event=order.paid pay=pay_TXwh4nwxhYFPB9 order=order_TXwgIBMcg1jFDy app= No matching registration for this order
2026-09-04T17:10:33+05:30 ignored event=payment.captured pay=pay_TXwk9VP6sfosOu order=order_TXwjfDLP9PCHqZ app= No matching registration for this order
2026-09-04T17:10:33+05:30 ignored event=order.paid pay=pay_TXwk9VP6sfosOu order=order_TXwjfDLP9PCHqZ app= No matching registration for this order
2026-09-04T17:14:30+05:30 ignored event=order.paid pay=pay_TXwoMctmIeLTGf order=order_TXwo9n19gvnrmF app= No matching registration for this order
2026-09-04T17:14:30+05:30 ignored event=payment.captured pay=pay_TXwoMctmIeLTGf order=order_TXwo9n19gvnrmF app= No matching registration for this order
2026-09-04T17:23:24+05:30 ignored event=payment.captured pay=pay_TXwwbwGEQ0xX3r order=order_TXwvfbazagzzxt app= No matching registration for this order
2026-09-04T17:23:24+05:30 ignored event=order.paid pay=pay_TXwwbwGEQ0xX3r order=order_TXwvfbazagzzxt app= No matching registration for this order
2026-09-04T17:32:43+05:30 ignored event=payment.failed pay=pay_TXwwJ5wAqEAkEf order=order_TXwvfbazagzzxt app= No matching registration for this order
2026-09-04T18:31:20+05:30 ignored event=payment.failed pay=pay_TXxvsXBkGyPQwu order=order_TXxv1nOLHWbd7m app= No matching registration for this order
